<<<<<<< HEAD
[0;34mℹ️ [2025-05-07 12:45:06] Configurazione avanzata git...[0m
[0;32m✅ [2025-05-07 12:45:06] Configurazione git completata con successo[0m
[0;34mℹ️ [2025-05-07 13:00:39] Configurazione avanzata git...[0m
[0;32m✅ [2025-05-07 13:00:39] Configurazione git completata con successo[0m
[0;34mℹ️ [2025-05-07 13:04:18] Configurazione avanzata git...[0m
[0;32m✅ [2025-05-07 13:04:18] Configurazione git completata con successo[0m
=======
<<<<<<< HEAD
📆 2025-04-23 18:55:55 - 🔧 Configurazione git di base...
📆 2025-04-23 18:55:55 - ✅ Configurazione git completata
📆 2025-04-23 19:30:52 - 🔧 Configurazione git di base...
📆 2025-04-23 19:30:52 - ✅ Configurazione git completata
📆 2025-04-23 22:19:41 - 🔧 Configurazione git di base...
📆 2025-04-23 22:19:41 - ✅ Configurazione git completata
📆 2025-04-24 15:18:28 - 🔧 Configurazione git di base...
📆 2025-04-24 15:18:28 - ✅ Configurazione git completata
=======
📆 2025-04-24 08:39:22 - 🔧 Configurazione git di base...
📆 2025-04-24 08:39:22 - ✅ Configurazione git completata
📆 2025-04-24 10:29:35 - 🔧 Configurazione git di base...
📆 2025-04-24 10:29:35 - ✅ Configurazione git completata
📆 2025-04-24 12:45:24 - 🔧 Configurazione git di base...
📆 2025-04-24 12:45:24 - ✅ Configurazione git completata
📆 2025-04-24 15:12:40 - 🔧 Configurazione git di base...
📆 2025-04-24 15:12:40 - ✅ Configurazione git completata
>>>>>>> aurmich/dev
<<<<<<< HEAD
[0;34mℹ️ [2025-05-07 15:38:43] Configurazione avanzata git...[0m
[0;32m✅ [2025-05-07 15:38:43] Configurazione git completata con successo[0m
>>>>>>> 5a344fb (.)
[0;34mℹ️ [2025-05-07 15:47:19] Configurazione avanzata git...[0m
[0;32m✅ [2025-05-07 15:47:19] Configurazione git completata con successo[0m
=======
[0;34mℹ️ [2025-05-06 16:43:57] Configurazione avanzata git...[0m
[0;32m✅ [2025-05-06 16:43:57] Configurazione git completata con successo[0m
>>>>>>> 3a17e19 (.)
[0;34mℹ️ [2025-05-06 17:22:11] Configurazione avanzata git...[0m
[0;32m✅ [2025-05-06 17:22:11] Configurazione git completata con successo[0m
[0;34mℹ️ [2025-05-06 17:27:08] Configurazione avanzata git...[0m
[0;32m✅ [2025-05-06 17:27:08] Configurazione git completata con successo[0m
=======
[0;34mℹ️ [2025-05-06 18:39:37] Configurazione avanzata git...[0m
[0;32m✅ [2025-05-06 18:39:37] Configurazione git completata con successo[0m
>>>>>>> 1f17fa7 (.)
[0;34mℹ️ [2025-05-06 21:19:06] Configurazione avanzata git...[0m
[0;32m✅ [2025-05-06 21:19:06] Configurazione git completata con successo[0m
<<<<<<< HEAD
=======
[0;34mℹ️ [2025-05-06 21:29:50] Configurazione avanzata git...[0m
[0;32m✅ [2025-05-06 21:29:50] Configurazione git completata con successo[0m
>>>>>>> c8fdfa2 (.)
[0;34mℹ️ [2025-05-06 21:53:48] Configurazione avanzata git...[0m
[0;32m✅ [2025-05-06 21:53:48] Configurazione git completata con successo[0m
[0;34mℹ️ [2025-05-06 22:10:52] Configurazione avanzata git...[0m
[0;32m✅ [2025-05-06 22:10:52] Configurazione git completata con successo[0m
[0;34mℹ️ [2025-05-06 22:19:39] Configurazione avanzata git...[0m
[0;32m✅ [2025-05-06 22:19:39] Configurazione git completata con successo[0m
[0;34mℹ️ [2025-05-07 16:55:57] Configurazione avanzata git...[0m
[0;32m✅ [2025-05-07 16:55:57] Configurazione git completata con successo[0m
>>>>>>> 2c9cce9 (.)
=======
[0;34mℹ️ [2025-05-07 17:10:41] Configurazione avanzata git...[0m
[0;32m✅ [2025-05-07 17:10:41] Configurazione git completata con successo[0m
>>>>>>> 1f6ff45 (.)
